// Jest Snapshot v1, https://goo.gl/fbAQLP

exports[`render app renders correctly 1`] = `
<View
  style={
    {
      "flex": 1,
    }
  }
>
  <RNCSafeAreaProvider
    onInsetsChange={[Function]}
    style={
      [
        {
          "flex": 1,
        },
        undefined,
      ]
    }
  >
    <View
      style={
        [
          {
            "backgroundColor": "rgb(242, 242, 242)",
            "flex": 1,
          },
          undefined,
        ]
      }
    >
      <View
        onLayout={[Function]}
        style={
          {
            "flex": 1,
          }
        }
      >
        <View
          pointerEvents="box-none"
          style={
            {
              "bottom": 0,
              "left": 0,
              "position": "absolute",
              "right": 0,
              "top": 0,
            }
          }
        >
          <View
            collapsable={false}
            style={
              {
                "opacity": 1,
              }
            }
          />
          <View
            accessibilityElementsHidden={false}
            closing={false}
            gestureVelocityImpact={0.3}
            importantForAccessibility="auto"
            onClose={[Function]}
            onGestureBegin={[Function]}
            onGestureCanceled={[Function]}
            onGestureEnd={[Function]}
            onOpen={[Function]}
            onTransition={[Function]}
            pointerEvents="box-none"
            style={
              [
                {
                  "display": "flex",
                  "overflow": undefined,
                },
                {
                  "bottom": 0,
                  "left": 0,
                  "position": "absolute",
                  "right": 0,
                  "top": 0,
                },
              ]
            }
            transitionSpec={
              {
                "close": {
                  "animation": "spring",
                  "config": {
                    "damping": 500,
                    "mass": 3,
                    "overshootClamping": true,
                    "restDisplacementThreshold": 10,
                    "restSpeedThreshold": 10,
                    "stiffness": 1000,
                  },
                },
                "open": {
                  "animation": "spring",
                  "config": {
                    "damping": 500,
                    "mass": 3,
                    "overshootClamping": true,
                    "restDisplacementThreshold": 10,
                    "restSpeedThreshold": 10,
                    "stiffness": 1000,
                  },
                },
              }
            }
          >
            <View
              collapsable={false}
              pointerEvents="box-none"
              style={
                {
                  "flex": 1,
                  "marginTop": 0,
                }
              }
            >
              <View
                collapsable={false}
                forwardedRef={[Function]}
                handlerTag={1}
                handlerType="PanGestureHandler"
                needsOffscreenAlphaCompositing={false}
                onGestureHandlerEvent={[Function]}
                onGestureHandlerStateChange={[Function]}
                style={
                  {
                    "flex": 1,
                    "transform": [
                      {
                        "translateX": 0,
                      },
                      {
                        "translateX": 0,
                      },
                    ],
                  }
                }
              >
                <View
                  pointerEvents="box-none"
                  style={
                    [
                      {
                        "flex": 1,
                        "overflow": "hidden",
                      },
                      [
                        {
                          "backgroundColor": "rgb(242, 242, 242)",
                        },
                        undefined,
                      ],
                    ]
                  }
                >
                  <View
                    style={
                      {
                        "flex": 1,
                        "flexDirection": "column-reverse",
                      }
                    }
                  >
                    <View
                      style={
                        {
                          "flex": 1,
                        }
                      }
                    >
                      <View
                        style={
                          {
                            "flex": 1,
                          }
                        }
                      >
                        <View
                          style={
                            [
                              {
                                "flex": 1,
                              },
                              undefined,
                            ]
                          }
                        >
                          <View
                            style={
                              [
                                {
                                  "backgroundColor": "rgb(242, 242, 242)",
                                  "flex": 1,
                                },
                                undefined,
                              ]
                            }
                          >
                            <View
                              collapsable={false}
                              pointerEvents="box-none"
                              style={
                                {
                                  "zIndex": 1,
                                }
                              }
                            >
                              <View
                                accessibilityElementsHidden={false}
                                importantForAccessibility="auto"
                                onLayout={[Function]}
                                pointerEvents="box-none"
                                style={null}
                              >
                                <View
                                  collapsable={false}
                                  pointerEvents="box-none"
                                  style={
                                    {
                                      "bottom": 0,
                                      "left": 0,
                                      "opacity": 1,
                                      "position": "absolute",
                                      "right": 0,
                                      "top": 0,
                                      "zIndex": 0,
                                    }
                                  }
                                >
                                  <View
                                    collapsable={false}
                                    style={
                                      {
                                        "backgroundColor": "rgb(255, 255, 255)",
                                        "borderBottomColor": "rgb(216, 216, 216)",
                                        "borderBottomWidth": 0,
                                        "elevation": 0,
                                        "flex": 1,
                                        "shadowColor": "rgb(216, 216, 216)",
                                        "shadowOffset": {
                                          "height": 0.5,
                                          "width": 0,
                                        },
                                        "shadowOpacity": 0,
                                        "shadowRadius": 0,
                                      }
                                    }
                                  />
                                </View>
                                <View
                                  collapsable={false}
                                  pointerEvents="box-none"
                                  style={
                                    {
                                      "height": 44,
                                      "maxHeight": undefined,
                                      "minHeight": undefined,
                                      "opacity": undefined,
                                      "transform": undefined,
                                    }
                                  }
                                >
                                  <View
                                    pointerEvents="none"
                                    style={
                                      {
                                        "height": 0,
                                      }
                                    }
                                  />
                                  <View
                                    pointerEvents="box-none"
                                    style={
                                      {
                                        "alignItems": "stretch",
                                        "flex": 1,
                                        "flexDirection": "row",
                                      }
                                    }
                                  >
                                    <View
                                      collapsable={false}
                                      pointerEvents="box-none"
                                      style={
                                        {
                                          "alignItems": "flex-start",
                                          "flexBasis": 0,
                                          "flexGrow": 1,
                                          "justifyContent": "center",
                                          "marginStart": 0,
                                          "opacity": 1,
                                        }
                                      }
                                    />
                                    <View
                                      collapsable={false}
                                      pointerEvents="box-none"
                                      style={
                                        {
                                          "justifyContent": "center",
                                          "marginHorizontal": 16,
                                          "maxWidth": 718,
                                          "opacity": 1,
                                        }
                                      }
                                    >
                                      <Text
                                        accessibilityRole="header"
                                        aria-level="1"
                                        collapsable={false}
                                        numberOfLines={1}
                                        onLayout={[Function]}
                                        style={
                                          {
                                            "color": "rgb(28, 28, 30)",
                                            "fontSize": 17,
                                            "fontWeight": "600",
                                          }
                                        }
                                      >
                                          
                                      </Text>
                                    </View>
                                    <View
                                      collapsable={false}
                                      pointerEvents="box-none"
                                      style={
                                        {
                                          "alignItems": "flex-end",
                                          "flexBasis": 0,
                                          "flexGrow": 1,
                                          "justifyContent": "center",
                                          "marginEnd": 0,
                                          "opacity": 1,
                                        }
                                      }
                                    />
                                  </View>
                                </View>
                              </View>
                            </View>
                            <View
                              onLayout={[Function]}
                              style={
                                {
                                  "flex": 1,
                                }
                              }
                            >
                              <View
                                pointerEvents="box-none"
                                style={
                                  {
                                    "bottom": 0,
                                    "left": 0,
                                    "position": "absolute",
                                    "right": 0,
                                    "top": 0,
                                  }
                                }
                              >
                                <View
                                  collapsable={false}
                                  style={
                                    {
                                      "opacity": 1,
                                    }
                                  }
                                />
                                <View
                                  accessibilityElementsHidden={false}
                                  closing={false}
                                  gestureVelocityImpact={0.3}
                                  importantForAccessibility="auto"
                                  onClose={[Function]}
                                  onGestureBegin={[Function]}
                                  onGestureCanceled={[Function]}
                                  onGestureEnd={[Function]}
                                  onOpen={[Function]}
                                  onTransition={[Function]}
                                  pointerEvents="box-none"
                                  style={
                                    [
                                      {
                                        "display": "flex",
                                        "overflow": undefined,
                                      },
                                      {
                                        "bottom": 0,
                                        "left": 0,
                                        "position": "absolute",
                                        "right": 0,
                                        "top": 0,
                                      },
                                    ]
                                  }
                                  transitionSpec={
                                    {
                                      "close": {
                                        "animation": "spring",
                                        "config": {
                                          "damping": 500,
                                          "mass": 3,
                                          "overshootClamping": true,
                                          "restDisplacementThreshold": 10,
                                          "restSpeedThreshold": 10,
                                          "stiffness": 1000,
                                        },
                                      },
                                      "open": {
                                        "animation": "spring",
                                        "config": {
                                          "damping": 500,
                                          "mass": 3,
                                          "overshootClamping": true,
                                          "restDisplacementThreshold": 10,
                                          "restSpeedThreshold": 10,
                                          "stiffness": 1000,
                                        },
                                      },
                                    }
                                  }
                                >
                                  <View
                                    collapsable={false}
                                    pointerEvents="box-none"
                                    style={
                                      {
                                        "flex": 1,
                                      }
                                    }
                                  >
                                    <View
                                      collapsable={false}
                                      forwardedRef={[Function]}
                                      handlerTag={2}
                                      handlerType="PanGestureHandler"
                                      needsOffscreenAlphaCompositing={false}
                                      onGestureHandlerEvent={[Function]}
                                      onGestureHandlerStateChange={[Function]}
                                      style={
                                        {
                                          "flex": 1,
                                          "transform": [
                                            {
                                              "translateX": 0,
                                            },
                                            {
                                              "translateX": 0,
                                            },
                                          ],
                                        }
                                      }
                                    >
                                      <View
                                        pointerEvents="box-none"
                                        style={
                                          [
                                            {
                                              "flex": 1,
                                              "overflow": "hidden",
                                            },
                                            [
                                              {
                                                "backgroundColor": "rgb(242, 242, 242)",
                                              },
                                              undefined,
                                            ],
                                          ]
                                        }
                                      >
                                        <View
                                          style={
                                            {
                                              "flex": 1,
                                              "flexDirection": "column-reverse",
                                            }
                                          }
                                        >
                                          <View
                                            style={
                                              {
                                                "flex": 1,
                                              }
                                            }
                                          >
                                            <View
                                              style={
                                                {
                                                  "alignItems": "center",
                                                  "backgroundColor": "#fff",
                                                  "flex": 1,
                                                  "paddingHorizontal": 30,
                                                }
                                              }
                                            >
                                              <Text
                                                style={
                                                  {
                                                    "color": "#383838",
                                                    "fontSize": 28,
                                                    "fontWeight": "bold",
                                                  }
                                                }
                                              >
                                                Login
                                              </Text>
                                              <Image
                                                source={1}
                                                style={
                                                  {
                                                    "height": 160,
                                                    "resizeMode": "contain",
                                                    "width": "100%",
                                                  }
                                                }
                                              />
                                              <View
                                                style={
                                                  {
                                                    "alignItems": "center",
                                                    "flexDirection": "row",
                                                    "justifyContent": "space-between",
                                                    "paddingVertical": 10,
                                                  }
                                                }
                                              >
                                                <TextInput
                                                  onBlur={[Function]}
                                                  onChangeText={[Function]}
                                                  onFocus={[Function]}
                                                  placeholder="username"
                                                  style={
                                                    {
                                                      "backgroundColor": "#f5f6fa",
                                                      "borderColor": "transparent",
                                                      "borderRadius": 5,
                                                      "borderWidth": 2,
                                                      "color": "#383838",
                                                      "fontSize": 18,
                                                      "padding": 11,
                                                      "width": "100%",
                                                    }
                                                  }
                                                  value=""
                                                />
                                              </View>
                                              <View
                                                style={
                                                  {
                                                    "alignItems": "center",
                                                    "flexDirection": "row",
                                                    "justifyContent": "space-between",
                                                    "paddingVertical": 10,
                                                  }
                                                }
                                              >
                                                <TextInput
                                                  onBlur={[Function]}
                                                  onChangeText={[Function]}
                                                  onFocus={[Function]}
                                                  placeholder="password"
                                                  secureTextEntry={true}
                                                  style={
                                                    {
                                                      "backgroundColor": "#f5f6fa",
                                                      "borderColor": "transparent",
                                                      "borderRadius": 5,
                                                      "borderWidth": 2,
                                                      "color": "#383838",
                                                      "fontSize": 18,
                                                      "padding": 11,
                                                      "width": "100%",
                                                    }
                                                  }
                                                  value=""
                                                />
                                              </View>
                                              <Text
                                                style={
                                                  {
                                                    "color": "#e74c3c",
                                                    "fontSize": 14,
                                                    "fontWeight": "bold",
                                                    "paddingVertical": 10,
                                                  }
                                                }
                                              />
                                              <View
                                                accessible={true}
                                                collapsable={false}
                                                focusable={true}
                                                onClick={[Function]}
                                                onResponderGrant={[Function]}
                                                onResponderMove={[Function]}
                                                onResponderRelease={[Function]}
                                                onResponderTerminate={[Function]}
                                                onResponderTerminationRequest={[Function]}
                                                onStartShouldSetResponder={[Function]}
                                                style={
                                                  {
                                                    "alignItems": "center",
                                                    "backgroundColor": "#052F5F",
                                                    "borderRadius": 2,
                                                    "justifyContent": "center",
                                                    "opacity": 1,
                                                    "paddingHorizontal": 10,
                                                    "paddingVertical": 15,
                                                    "width": 180,
                                                  }
                                                }
                                              >
                                                <Text
                                                  style={
                                                    {
                                                      "color": "#fff",
                                                      "fontSize": 16,
                                                      "fontWeight": "bold",
                                                    }
                                                  }
                                                >
                                                  Login
                                                </Text>
                                              </View>
                                              <View
                                                style={
                                                  {
                                                    "alignItems": "center",
                                                    "flexDirection": "row",
                                                    "justifyContent": "center",
                                                    "marginTop": 20,
                                                  }
                                                }
                                              >
                                                <Text
                                                  style={
                                                    {
                                                      "color": "#383838",
                                                      "fontSize": 16,
                                                    }
                                                  }
                                                >
                                                  Don't have an account?
                                                </Text>
                                                <View
                                                  accessible={true}
                                                  collapsable={false}
                                                  focusable={true}
                                                  onClick={[Function]}
                                                  onResponderGrant={[Function]}
                                                  onResponderMove={[Function]}
                                                  onResponderRelease={[Function]}
                                                  onResponderTerminate={[Function]}
                                                  onResponderTerminationRequest={[Function]}
                                                  onStartShouldSetResponder={[Function]}
                                                  style={
                                                    {
                                                      "opacity": 1,
                                                    }
                                                  }
                                                >
                                                  <Text
                                                    style={
                                                      {
                                                        "color": "#052F5F",
                                                        "fontSize": 16,
                                                        "marginLeft": 5,
                                                      }
                                                    }
                                                  >
                                                     Register
                                                  </Text>
                                                </View>
                                              </View>
                                            </View>
                                          </View>
                                        </View>
                                      </View>
                                    </View>
                                  </View>
                                </View>
                              </View>
                            </View>
                          </View>
                        </View>
                      </View>
                    </View>
                  </View>
                </View>
              </View>
            </View>
          </View>
        </View>
      </View>
      <View
        collapsable={false}
        pointerEvents="box-none"
        style={
          {
            "height": 44,
            "left": 0,
            "position": "absolute",
            "right": 0,
            "top": 0,
            "zIndex": 1,
          }
        }
      />
    </View>
  </RNCSafeAreaProvider>
</View>
`;
